c:\users\motoo\onedrive\デスクトップ\まとめ\学校業務\担任業務\2024\授業準備プロジェクト\library\directxtk\bin\win32\release\directxtk.pch
c:\users\motoo\onedrive\デスクトップ\まとめ\学校業務\担任業務\2024\授業準備プロジェクト\library\directxtk\bin\win32\release\directxtk.pdb
c:\users\motoo\onedrive\デスクトップ\まとめ\学校業務\担任業務\2024\授業準備プロジェクト\library\directxtk\bin\win32\release\pch.obj
c:\users\motoo\onedrive\デスクトップ\まとめ\学校業務\担任業務\2024\授業準備プロジェクト\library\directxtk\bin\win32\release\graphicsmemory.obj
c:\users\motoo\onedrive\デスクトップ\まとめ\学校業務\担任業務\2024\授業準備プロジェクト\library\directxtk\bin\win32\release\geometry.obj
c:\users\motoo\onedrive\デスクトップ\まとめ\学校業務\担任業務\2024\授業準備プロジェクト\library\directxtk\bin\win32\release\geometricprimitive.obj
c:\users\motoo\onedrive\デスクトップ\まとめ\学校業務\担任業務\2024\授業準備プロジェクト\library\directxtk\bin\win32\release\gamepad.obj
c:\users\motoo\onedrive\デスクトップ\まとめ\学校業務\担任業務\2024\授業準備プロジェクト\library\directxtk\bin\win32\release\environmentmapeffect.obj
c:\users\motoo\onedrive\デスクトップ\まとめ\学校業務\担任業務\2024\授業準備プロジェクト\library\directxtk\bin\win32\release\effectfactory.obj
c:\users\motoo\onedrive\デスクトップ\まとめ\学校業務\担任業務\2024\授業準備プロジェクト\library\directxtk\bin\win32\release\effectcommon.obj
c:\users\motoo\onedrive\デスクトップ\まとめ\学校業務\担任業務\2024\授業準備プロジェクト\library\directxtk\bin\win32\release\binaryreader.obj
c:\users\motoo\onedrive\デスクトップ\まとめ\学校業務\担任業務\2024\授業準備プロジェクト\library\directxtk\bin\win32\release\dualtextureeffect.obj
c:\users\motoo\onedrive\デスクトップ\まとめ\学校業務\担任業務\2024\授業準備プロジェクト\library\directxtk\bin\win32\release\dualpostprocess.obj
c:\users\motoo\onedrive\デスクトップ\まとめ\学校業務\担任業務\2024\授業準備プロジェクト\library\directxtk\bin\win32\release\directxhelpers.obj
c:\users\motoo\onedrive\デスクトップ\まとめ\学校業務\担任業務\2024\授業準備プロジェクト\library\directxtk\bin\win32\release\dgsleffectfactory.obj
c:\users\motoo\onedrive\デスクトップ\まとめ\学校業務\担任業務\2024\授業準備プロジェクト\library\directxtk\bin\win32\release\dgsleffect.obj
c:\users\motoo\onedrive\デスクトップ\まとめ\学校業務\担任業務\2024\授業準備プロジェクト\library\directxtk\bin\win32\release\debugeffect.obj
c:\users\motoo\onedrive\デスクトップ\まとめ\学校業務\担任業務\2024\授業準備プロジェクト\library\directxtk\bin\win32\release\ddstextureloader.obj
c:\users\motoo\onedrive\デスクトップ\まとめ\学校業務\担任業務\2024\授業準備プロジェクト\library\directxtk\bin\win32\release\commonstates.obj
c:\users\motoo\onedrive\デスクトップ\まとめ\学校業務\担任業務\2024\授業準備プロジェクト\library\directxtk\bin\win32\release\bufferhelpers.obj
c:\users\motoo\onedrive\デスクトップ\まとめ\学校業務\担任業務\2024\授業準備プロジェクト\library\directxtk\bin\win32\release\basicpostprocess.obj
c:\users\motoo\onedrive\デスクトップ\まとめ\学校業務\担任業務\2024\授業準備プロジェクト\library\directxtk\bin\win32\release\basiceffect.obj
c:\users\motoo\onedrive\デスクトップ\まとめ\学校業務\担任業務\2024\授業準備プロジェクト\library\directxtk\bin\win32\release\alphatesteffect.obj
c:\users\motoo\onedrive\デスクトップ\まとめ\学校業務\担任業務\2024\授業準備プロジェクト\library\directxtk\bin\win32\release\wictextureloader.obj
c:\users\motoo\onedrive\デスクトップ\まとめ\学校業務\担任業務\2024\授業準備プロジェクト\library\directxtk\bin\win32\release\vertextypes.obj
c:\users\motoo\onedrive\デスクトップ\まとめ\学校業務\担任業務\2024\授業準備プロジェクト\library\directxtk\bin\win32\release\tonemappostprocess.obj
c:\users\motoo\onedrive\デスクトップ\まとめ\学校業務\担任業務\2024\授業準備プロジェクト\library\directxtk\bin\win32\release\spritefont.obj
c:\users\motoo\onedrive\デスクトップ\まとめ\学校業務\担任業務\2024\授業準備プロジェクト\library\directxtk\bin\win32\release\primitivebatch.obj
c:\users\motoo\onedrive\デスクトップ\まとめ\学校業務\担任業務\2024\授業準備プロジェクト\library\directxtk\bin\win32\release\spritebatch.obj
c:\users\motoo\onedrive\デスクトップ\まとめ\学校業務\担任業務\2024\授業準備プロジェクト\library\directxtk\bin\win32\release\skinnedeffect.obj
c:\users\motoo\onedrive\デスクトップ\まとめ\学校業務\担任業務\2024\授業準備プロジェクト\library\directxtk\bin\win32\release\simplemath.obj
c:\users\motoo\onedrive\デスクトップ\まとめ\学校業務\担任業務\2024\授業準備プロジェクト\library\directxtk\bin\win32\release\screengrab.obj
c:\users\motoo\onedrive\デスクトップ\まとめ\学校業務\担任業務\2024\授業準備プロジェクト\library\directxtk\bin\win32\release\pbreffectfactory.obj
c:\users\motoo\onedrive\デスクトップ\まとめ\学校業務\担任業務\2024\授業準備プロジェクト\library\directxtk\bin\win32\release\pbreffect.obj
c:\users\motoo\onedrive\デスクトップ\まとめ\学校業務\担任業務\2024\授業準備プロジェクト\library\directxtk\bin\win32\release\normalmapeffect.obj
c:\users\motoo\onedrive\デスクトップ\まとめ\学校業務\担任業務\2024\授業準備プロジェクト\library\directxtk\bin\win32\release\mouse.obj
c:\users\motoo\onedrive\デスクトップ\まとめ\学校業務\担任業務\2024\授業準備プロジェクト\library\directxtk\bin\win32\release\modelloadvbo.obj
c:\users\motoo\onedrive\デスクトップ\まとめ\学校業務\担任業務\2024\授業準備プロジェクト\library\directxtk\bin\win32\release\modelloadsdkmesh.obj
c:\users\motoo\onedrive\デスクトップ\まとめ\学校業務\担任業務\2024\授業準備プロジェクト\library\directxtk\bin\win32\release\modelloadcmo.obj
c:\users\motoo\onedrive\デスクトップ\まとめ\学校業務\担任業務\2024\授業準備プロジェクト\library\directxtk\bin\win32\release\model.obj
c:\users\motoo\onedrive\デスクトップ\まとめ\学校業務\担任業務\2024\授業準備プロジェクト\library\directxtk\bin\win32\release\keyboard.obj
c:\users\motoo\onedrive\デスクトップ\まとめ\学校業務\担任業務\2024\授業準備プロジェクト\library\directxtk\lib\win32\release\directxtk.lib
c:\users\motoo\onedrive\デスクトップ\まとめ\学校業務\担任業務\2024\授業準備プロジェクト\library\directxtk\bin\win32\release\directxt.b62dccc7.tlog\cl.command.1.tlog
c:\users\motoo\onedrive\デスクトップ\まとめ\学校業務\担任業務\2024\授業準備プロジェクト\library\directxtk\bin\win32\release\directxt.b62dccc7.tlog\cl.read.1.tlog
c:\users\motoo\onedrive\デスクトップ\まとめ\学校業務\担任業務\2024\授業準備プロジェクト\library\directxtk\bin\win32\release\directxt.b62dccc7.tlog\cl.write.1.tlog
c:\users\motoo\onedrive\デスクトップ\まとめ\学校業務\担任業務\2024\授業準備プロジェクト\library\directxtk\bin\win32\release\directxt.b62dccc7.tlog\lib-link.read.1.tlog
c:\users\motoo\onedrive\デスクトップ\まとめ\学校業務\担任業務\2024\授業準備プロジェクト\library\directxtk\bin\win32\release\directxt.b62dccc7.tlog\lib-link.write.1.tlog
c:\users\motoo\onedrive\デスクトップ\まとめ\学校業務\担任業務\2024\授業準備プロジェクト\library\directxtk\bin\win32\release\directxt.b62dccc7.tlog\lib.command.1.tlog
