c:\github\empolywork1\library\directxtk\bin\x64\release\directxtk.pch
c:\github\empolywork1\library\directxtk\bin\x64\release\directxtk.pdb
c:\github\empolywork1\library\directxtk\bin\x64\release\pch.obj
c:\github\empolywork1\library\directxtk\bin\x64\release\graphicsmemory.obj
c:\github\empolywork1\library\directxtk\bin\x64\release\geometry.obj
c:\github\empolywork1\library\directxtk\bin\x64\release\geometricprimitive.obj
c:\github\empolywork1\library\directxtk\bin\x64\release\gamepad.obj
c:\github\empolywork1\library\directxtk\bin\x64\release\environmentmapeffect.obj
c:\github\empolywork1\library\directxtk\bin\x64\release\effectfactory.obj
c:\github\empolywork1\library\directxtk\bin\x64\release\effectcommon.obj
c:\github\empolywork1\library\directxtk\bin\x64\release\binaryreader.obj
c:\github\empolywork1\library\directxtk\bin\x64\release\dualtextureeffect.obj
c:\github\empolywork1\library\directxtk\bin\x64\release\dualpostprocess.obj
c:\github\empolywork1\library\directxtk\bin\x64\release\directxhelpers.obj
c:\github\empolywork1\library\directxtk\bin\x64\release\dgsleffectfactory.obj
c:\github\empolywork1\library\directxtk\bin\x64\release\dgsleffect.obj
c:\github\empolywork1\library\directxtk\bin\x64\release\debugeffect.obj
c:\github\empolywork1\library\directxtk\bin\x64\release\ddstextureloader.obj
c:\github\empolywork1\library\directxtk\bin\x64\release\commonstates.obj
c:\github\empolywork1\library\directxtk\bin\x64\release\bufferhelpers.obj
c:\github\empolywork1\library\directxtk\bin\x64\release\basicpostprocess.obj
c:\github\empolywork1\library\directxtk\bin\x64\release\basiceffect.obj
c:\github\empolywork1\library\directxtk\bin\x64\release\alphatesteffect.obj
c:\github\empolywork1\library\directxtk\bin\x64\release\wictextureloader.obj
c:\github\empolywork1\library\directxtk\bin\x64\release\vertextypes.obj
c:\github\empolywork1\library\directxtk\bin\x64\release\tonemappostprocess.obj
c:\github\empolywork1\library\directxtk\bin\x64\release\spritefont.obj
c:\github\empolywork1\library\directxtk\bin\x64\release\primitivebatch.obj
c:\github\empolywork1\library\directxtk\bin\x64\release\spritebatch.obj
c:\github\empolywork1\library\directxtk\bin\x64\release\skinnedeffect.obj
c:\github\empolywork1\library\directxtk\bin\x64\release\simplemath.obj
c:\github\empolywork1\library\directxtk\bin\x64\release\screengrab.obj
c:\github\empolywork1\library\directxtk\bin\x64\release\pbreffectfactory.obj
c:\github\empolywork1\library\directxtk\bin\x64\release\pbreffect.obj
c:\github\empolywork1\library\directxtk\bin\x64\release\normalmapeffect.obj
c:\github\empolywork1\library\directxtk\bin\x64\release\mouse.obj
c:\github\empolywork1\library\directxtk\bin\x64\release\modelloadvbo.obj
c:\github\empolywork1\library\directxtk\bin\x64\release\modelloadsdkmesh.obj
c:\github\empolywork1\library\directxtk\bin\x64\release\modelloadcmo.obj
c:\github\empolywork1\library\directxtk\bin\x64\release\model.obj
c:\github\empolywork1\library\directxtk\bin\x64\release\keyboard.obj
c:\github\empolywork1\library\directxtk\lib\x64\release\directxtk.lib
c:\github\empolywork1\library\directxtk\bin\x64\release\directxt.b62dccc7.tlog\cl.command.1.tlog
c:\github\empolywork1\library\directxtk\bin\x64\release\directxt.b62dccc7.tlog\cl.items.tlog
c:\github\empolywork1\library\directxtk\bin\x64\release\directxt.b62dccc7.tlog\cl.read.1.tlog
c:\github\empolywork1\library\directxtk\bin\x64\release\directxt.b62dccc7.tlog\cl.write.1.tlog
c:\github\empolywork1\library\directxtk\bin\x64\release\directxt.b62dccc7.tlog\lib-link.read.1.tlog
c:\github\empolywork1\library\directxtk\bin\x64\release\directxt.b62dccc7.tlog\lib-link.write.1.tlog
c:\github\empolywork1\library\directxtk\bin\x64\release\directxt.b62dccc7.tlog\lib.command.1.tlog
