c:\users\motoo\onedrive\デスクトップ\まとめ\学校業務\担任業務\2024\授業準備プロジェクト\初期配布\0314\library\directxtk\bin\win32\debug\directxtk.pch
c:\users\motoo\onedrive\デスクトップ\まとめ\学校業務\担任業務\2024\授業準備プロジェクト\初期配布\0314\library\directxtk\bin\win32\debug\directxtk.pdb
c:\users\motoo\onedrive\デスクトップ\まとめ\学校業務\担任業務\2024\授業準備プロジェクト\初期配布\0314\library\directxtk\bin\win32\debug\pch.obj
c:\users\motoo\onedrive\デスクトップ\まとめ\学校業務\担任業務\2024\授業準備プロジェクト\初期配布\0314\library\directxtk\bin\win32\debug\graphicsmemory.obj
c:\users\motoo\onedrive\デスクトップ\まとめ\学校業務\担任業務\2024\授業準備プロジェクト\初期配布\0314\library\directxtk\bin\win32\debug\geometry.obj
c:\users\motoo\onedrive\デスクトップ\まとめ\学校業務\担任業務\2024\授業準備プロジェクト\初期配布\0314\library\directxtk\bin\win32\debug\geometricprimitive.obj
c:\users\motoo\onedrive\デスクトップ\まとめ\学校業務\担任業務\2024\授業準備プロジェクト\初期配布\0314\library\directxtk\bin\win32\debug\gamepad.obj
c:\users\motoo\onedrive\デスクトップ\まとめ\学校業務\担任業務\2024\授業準備プロジェクト\初期配布\0314\library\directxtk\bin\win32\debug\environmentmapeffect.obj
c:\users\motoo\onedrive\デスクトップ\まとめ\学校業務\担任業務\2024\授業準備プロジェクト\初期配布\0314\library\directxtk\bin\win32\debug\effectfactory.obj
c:\users\motoo\onedrive\デスクトップ\まとめ\学校業務\担任業務\2024\授業準備プロジェクト\初期配布\0314\library\directxtk\bin\win32\debug\effectcommon.obj
c:\users\motoo\onedrive\デスクトップ\まとめ\学校業務\担任業務\2024\授業準備プロジェクト\初期配布\0314\library\directxtk\bin\win32\debug\binaryreader.obj
c:\users\motoo\onedrive\デスクトップ\まとめ\学校業務\担任業務\2024\授業準備プロジェクト\初期配布\0314\library\directxtk\bin\win32\debug\dualtextureeffect.obj
c:\users\motoo\onedrive\デスクトップ\まとめ\学校業務\担任業務\2024\授業準備プロジェクト\初期配布\0314\library\directxtk\bin\win32\debug\dualpostprocess.obj
c:\users\motoo\onedrive\デスクトップ\まとめ\学校業務\担任業務\2024\授業準備プロジェクト\初期配布\0314\library\directxtk\bin\win32\debug\directxhelpers.obj
c:\users\motoo\onedrive\デスクトップ\まとめ\学校業務\担任業務\2024\授業準備プロジェクト\初期配布\0314\library\directxtk\bin\win32\debug\dgsleffectfactory.obj
c:\users\motoo\onedrive\デスクトップ\まとめ\学校業務\担任業務\2024\授業準備プロジェクト\初期配布\0314\library\directxtk\bin\win32\debug\dgsleffect.obj
c:\users\motoo\onedrive\デスクトップ\まとめ\学校業務\担任業務\2024\授業準備プロジェクト\初期配布\0314\library\directxtk\bin\win32\debug\debugeffect.obj
c:\users\motoo\onedrive\デスクトップ\まとめ\学校業務\担任業務\2024\授業準備プロジェクト\初期配布\0314\library\directxtk\bin\win32\debug\ddstextureloader.obj
c:\users\motoo\onedrive\デスクトップ\まとめ\学校業務\担任業務\2024\授業準備プロジェクト\初期配布\0314\library\directxtk\bin\win32\debug\commonstates.obj
c:\users\motoo\onedrive\デスクトップ\まとめ\学校業務\担任業務\2024\授業準備プロジェクト\初期配布\0314\library\directxtk\bin\win32\debug\bufferhelpers.obj
c:\users\motoo\onedrive\デスクトップ\まとめ\学校業務\担任業務\2024\授業準備プロジェクト\初期配布\0314\library\directxtk\bin\win32\debug\basicpostprocess.obj
c:\users\motoo\onedrive\デスクトップ\まとめ\学校業務\担任業務\2024\授業準備プロジェクト\初期配布\0314\library\directxtk\bin\win32\debug\basiceffect.obj
c:\users\motoo\onedrive\デスクトップ\まとめ\学校業務\担任業務\2024\授業準備プロジェクト\初期配布\0314\library\directxtk\bin\win32\debug\alphatesteffect.obj
c:\users\motoo\onedrive\デスクトップ\まとめ\学校業務\担任業務\2024\授業準備プロジェクト\初期配布\0314\library\directxtk\bin\win32\debug\wictextureloader.obj
c:\users\motoo\onedrive\デスクトップ\まとめ\学校業務\担任業務\2024\授業準備プロジェクト\初期配布\0314\library\directxtk\bin\win32\debug\vertextypes.obj
c:\users\motoo\onedrive\デスクトップ\まとめ\学校業務\担任業務\2024\授業準備プロジェクト\初期配布\0314\library\directxtk\bin\win32\debug\tonemappostprocess.obj
c:\users\motoo\onedrive\デスクトップ\まとめ\学校業務\担任業務\2024\授業準備プロジェクト\初期配布\0314\library\directxtk\bin\win32\debug\spritefont.obj
c:\users\motoo\onedrive\デスクトップ\まとめ\学校業務\担任業務\2024\授業準備プロジェクト\初期配布\0314\library\directxtk\bin\win32\debug\primitivebatch.obj
c:\users\motoo\onedrive\デスクトップ\まとめ\学校業務\担任業務\2024\授業準備プロジェクト\初期配布\0314\library\directxtk\bin\win32\debug\spritebatch.obj
c:\users\motoo\onedrive\デスクトップ\まとめ\学校業務\担任業務\2024\授業準備プロジェクト\初期配布\0314\library\directxtk\bin\win32\debug\skinnedeffect.obj
c:\users\motoo\onedrive\デスクトップ\まとめ\学校業務\担任業務\2024\授業準備プロジェクト\初期配布\0314\library\directxtk\bin\win32\debug\simplemath.obj
c:\users\motoo\onedrive\デスクトップ\まとめ\学校業務\担任業務\2024\授業準備プロジェクト\初期配布\0314\library\directxtk\bin\win32\debug\screengrab.obj
c:\users\motoo\onedrive\デスクトップ\まとめ\学校業務\担任業務\2024\授業準備プロジェクト\初期配布\0314\library\directxtk\bin\win32\debug\pbreffectfactory.obj
c:\users\motoo\onedrive\デスクトップ\まとめ\学校業務\担任業務\2024\授業準備プロジェクト\初期配布\0314\library\directxtk\bin\win32\debug\pbreffect.obj
c:\users\motoo\onedrive\デスクトップ\まとめ\学校業務\担任業務\2024\授業準備プロジェクト\初期配布\0314\library\directxtk\bin\win32\debug\normalmapeffect.obj
c:\users\motoo\onedrive\デスクトップ\まとめ\学校業務\担任業務\2024\授業準備プロジェクト\初期配布\0314\library\directxtk\bin\win32\debug\mouse.obj
c:\users\motoo\onedrive\デスクトップ\まとめ\学校業務\担任業務\2024\授業準備プロジェクト\初期配布\0314\library\directxtk\bin\win32\debug\modelloadvbo.obj
c:\users\motoo\onedrive\デスクトップ\まとめ\学校業務\担任業務\2024\授業準備プロジェクト\初期配布\0314\library\directxtk\bin\win32\debug\modelloadsdkmesh.obj
c:\users\motoo\onedrive\デスクトップ\まとめ\学校業務\担任業務\2024\授業準備プロジェクト\初期配布\0314\library\directxtk\bin\win32\debug\modelloadcmo.obj
c:\users\motoo\onedrive\デスクトップ\まとめ\学校業務\担任業務\2024\授業準備プロジェクト\初期配布\0314\library\directxtk\bin\win32\debug\model.obj
c:\users\motoo\onedrive\デスクトップ\まとめ\学校業務\担任業務\2024\授業準備プロジェクト\初期配布\0314\library\directxtk\bin\win32\debug\keyboard.obj
c:\users\motoo\onedrive\デスクトップ\まとめ\学校業務\担任業務\2024\授業準備プロジェクト\初期配布\0314\library\directxtk\lib\win32\debug\directxtk.lib
c:\users\motoo\onedrive\デスクトップ\まとめ\学校業務\担任業務\2024\授業準備プロジェクト\初期配布\0314\library\directxtk\bin\win32\debug\directxt.b62dccc7.tlog\cl.command.1.tlog
c:\users\motoo\onedrive\デスクトップ\まとめ\学校業務\担任業務\2024\授業準備プロジェクト\初期配布\0314\library\directxtk\bin\win32\debug\directxt.b62dccc7.tlog\cl.items.tlog
c:\users\motoo\onedrive\デスクトップ\まとめ\学校業務\担任業務\2024\授業準備プロジェクト\初期配布\0314\library\directxtk\bin\win32\debug\directxt.b62dccc7.tlog\cl.read.1.tlog
c:\users\motoo\onedrive\デスクトップ\まとめ\学校業務\担任業務\2024\授業準備プロジェクト\初期配布\0314\library\directxtk\bin\win32\debug\directxt.b62dccc7.tlog\cl.write.1.tlog
c:\users\motoo\onedrive\デスクトップ\まとめ\学校業務\担任業務\2024\授業準備プロジェクト\初期配布\0314\library\directxtk\bin\win32\debug\directxt.b62dccc7.tlog\lib-link.read.1.tlog
c:\users\motoo\onedrive\デスクトップ\まとめ\学校業務\担任業務\2024\授業準備プロジェクト\初期配布\0314\library\directxtk\bin\win32\debug\directxt.b62dccc7.tlog\lib-link.write.1.tlog
c:\users\motoo\onedrive\デスクトップ\まとめ\学校業務\担任業務\2024\授業準備プロジェクト\初期配布\0314\library\directxtk\bin\win32\debug\directxt.b62dccc7.tlog\lib.command.1.tlog
