  pch.cpp
  AlphaTestEffect.cpp
  BasicEffect.cpp
  BasicPostProcess.cpp
  BufferHelpers.cpp
  CommonStates.cpp
  DDSTextureLoader.cpp
  DebugEffect.cpp
  DGSLEffect.cpp
  DGSLEffectFactory.cpp
  DirectXHelpers.cpp
  DualPostProcess.cpp
  DualTextureEffect.cpp
  BinaryReader.cpp
  EffectCommon.cpp
  EffectFactory.cpp
  EnvironmentMapEffect.cpp
  GamePad.cpp
  GeometricPrimitive.cpp
  Geometry.cpp
  GraphicsMemory.cpp
  コードを生成中...
  コンパイル中...
  Keyboard.cpp
  Model.cpp
  ModelLoadCMO.cpp
  ModelLoadSDKMESH.cpp
  ModelLoadVBO.cpp
  Mouse.cpp
  NormalMapEffect.cpp
  PBREffect.cpp
  PBREffectFactory.cpp
  ScreenGrab.cpp
  SimpleMath.cpp
  SkinnedEffect.cpp
  SpriteBatch.cpp
  PrimitiveBatch.cpp
  SpriteFont.cpp
  ToneMapPostProcess.cpp
  VertexTypes.cpp
  WICTextureLoader.cpp
  コードを生成中...
  DirectXTK_Desktop_2022.vcxproj -> C:\Users\motoo\OneDrive\デスクトップ\まとめ\学校業務\担任業務\2025\授業準備プロジェクト\Library\DirectXTK\Lib\Win32\Debug\DirectXTK.lib
