c:\users\motoo\onedrive\デスクトップ\まとめ\学校業務\担任業務\2024\授業準備プロジェクト\初期配布\0314\library\directxtex\bin\win32\debug\directxtex.pch
c:\users\motoo\onedrive\デスクトップ\まとめ\学校業務\担任業務\2024\授業準備プロジェクト\初期配布\0314\library\directxtex\bin\win32\debug\directxtex.pdb
c:\users\motoo\onedrive\デスクトップ\まとめ\学校業務\担任業務\2024\授業準備プロジェクト\初期配布\0314\library\directxtex\bin\win32\debug\directxtexutil.obj
c:\users\motoo\onedrive\デスクトップ\まとめ\学校業務\担任業務\2024\授業準備プロジェクト\初期配布\0314\library\directxtex\bin\win32\debug\directxtexwic.obj
c:\users\motoo\onedrive\デスクトップ\まとめ\学校業務\担任業務\2024\授業準備プロジェクト\初期配布\0314\library\directxtex\bin\win32\debug\directxtextga.obj
c:\users\motoo\onedrive\デスクトップ\まとめ\学校業務\担任業務\2024\授業準備プロジェクト\初期配布\0314\library\directxtex\bin\win32\debug\directxtexresize.obj
c:\users\motoo\onedrive\デスクトップ\まとめ\学校業務\担任業務\2024\授業準備プロジェクト\初期配布\0314\library\directxtex\bin\win32\debug\directxtexpmalpha.obj
c:\users\motoo\onedrive\デスクトップ\まとめ\学校業務\担任業務\2024\授業準備プロジェクト\初期配布\0314\library\directxtex\bin\win32\debug\directxtexnormalmaps.obj
c:\users\motoo\onedrive\デスクトップ\まとめ\学校業務\担任業務\2024\授業準備プロジェクト\初期配布\0314\library\directxtex\bin\win32\debug\directxtexmisc.obj
c:\users\motoo\onedrive\デスクトップ\まとめ\学校業務\担任業務\2024\授業準備プロジェクト\初期配布\0314\library\directxtex\bin\win32\debug\directxtexmipmaps.obj
c:\users\motoo\onedrive\デスクトップ\まとめ\学校業務\担任業務\2024\授業準備プロジェクト\初期配布\0314\library\directxtex\bin\win32\debug\directxteximage.obj
c:\users\motoo\onedrive\デスクトップ\まとめ\学校業務\担任業務\2024\授業準備プロジェクト\初期配布\0314\library\directxtex\bin\win32\debug\directxtexhdr.obj
c:\users\motoo\onedrive\デスクトップ\まとめ\学校業務\担任業務\2024\授業準備プロジェクト\初期配布\0314\library\directxtex\bin\win32\debug\directxtexfliprotate.obj
c:\users\motoo\onedrive\デスクトップ\まとめ\学校業務\担任業務\2024\授業準備プロジェクト\初期配布\0314\library\directxtex\bin\win32\debug\directxtexdds.obj
c:\users\motoo\onedrive\デスクトップ\まとめ\学校業務\担任業務\2024\授業準備プロジェクト\初期配布\0314\library\directxtex\bin\win32\debug\directxtexd3d11.obj
c:\users\motoo\onedrive\デスクトップ\まとめ\学校業務\担任業務\2024\授業準備プロジェクト\初期配布\0314\library\directxtex\bin\win32\debug\directxtexconvert.obj
c:\users\motoo\onedrive\デスクトップ\まとめ\学校業務\担任業務\2024\授業準備プロジェクト\初期配布\0314\library\directxtex\bin\win32\debug\directxtexcompressgpu.obj
c:\users\motoo\onedrive\デスクトップ\まとめ\学校業務\担任業務\2024\授業準備プロジェクト\初期配布\0314\library\directxtex\bin\win32\debug\directxtexcompress.obj
c:\users\motoo\onedrive\デスクトップ\まとめ\学校業務\担任業務\2024\授業準備プロジェクト\初期配布\0314\library\directxtex\bin\win32\debug\bcdirectcompute.obj
c:\users\motoo\onedrive\デスクトップ\まとめ\学校業務\担任業務\2024\授業準備プロジェクト\初期配布\0314\library\directxtex\bin\win32\debug\bc6hbc7.obj
c:\users\motoo\onedrive\デスクトップ\まとめ\学校業務\担任業務\2024\授業準備プロジェクト\初期配布\0314\library\directxtex\bin\win32\debug\bc4bc5.obj
c:\users\motoo\onedrive\デスクトップ\まとめ\学校業務\担任業務\2024\授業準備プロジェクト\初期配布\0314\library\directxtex\bin\win32\debug\bc.obj
c:\users\motoo\onedrive\デスクトップ\まとめ\学校業務\担任業務\2024\授業準備プロジェクト\初期配布\0314\library\directxtex\lib\win32\debug\directxtex.lib
c:\users\motoo\onedrive\デスクトップ\まとめ\学校業務\担任業務\2024\授業準備プロジェクト\初期配布\0314\library\directxtex\bin\win32\debug\directxtex.tlog\cl.command.1.tlog
c:\users\motoo\onedrive\デスクトップ\まとめ\学校業務\担任業務\2024\授業準備プロジェクト\初期配布\0314\library\directxtex\bin\win32\debug\directxtex.tlog\cl.items.tlog
c:\users\motoo\onedrive\デスクトップ\まとめ\学校業務\担任業務\2024\授業準備プロジェクト\初期配布\0314\library\directxtex\bin\win32\debug\directxtex.tlog\cl.read.1.tlog
c:\users\motoo\onedrive\デスクトップ\まとめ\学校業務\担任業務\2024\授業準備プロジェクト\初期配布\0314\library\directxtex\bin\win32\debug\directxtex.tlog\cl.write.1.tlog
c:\users\motoo\onedrive\デスクトップ\まとめ\学校業務\担任業務\2024\授業準備プロジェクト\初期配布\0314\library\directxtex\bin\win32\debug\directxtex.tlog\lib-link.read.1.tlog
c:\users\motoo\onedrive\デスクトップ\まとめ\学校業務\担任業務\2024\授業準備プロジェクト\初期配布\0314\library\directxtex\bin\win32\debug\directxtex.tlog\lib-link.write.1.tlog
c:\users\motoo\onedrive\デスクトップ\まとめ\学校業務\担任業務\2024\授業準備プロジェクト\初期配布\0314\library\directxtex\bin\win32\debug\directxtex.tlog\lib.command.1.tlog
