c:\github\empolywork1\library\directxtex\bin\x64\release\directxtex.pch
c:\github\empolywork1\library\directxtex\bin\x64\release\directxtex.pdb
c:\github\empolywork1\library\directxtex\bin\x64\release\directxtexutil.obj
c:\github\empolywork1\library\directxtex\bin\x64\release\directxtexwic.obj
c:\github\empolywork1\library\directxtex\bin\x64\release\directxtextga.obj
c:\github\empolywork1\library\directxtex\bin\x64\release\directxtexresize.obj
c:\github\empolywork1\library\directxtex\bin\x64\release\directxtexpmalpha.obj
c:\github\empolywork1\library\directxtex\bin\x64\release\directxtexnormalmaps.obj
c:\github\empolywork1\library\directxtex\bin\x64\release\directxtexmisc.obj
c:\github\empolywork1\library\directxtex\bin\x64\release\directxtexmipmaps.obj
c:\github\empolywork1\library\directxtex\bin\x64\release\directxteximage.obj
c:\github\empolywork1\library\directxtex\bin\x64\release\directxtexhdr.obj
c:\github\empolywork1\library\directxtex\bin\x64\release\directxtexfliprotate.obj
c:\github\empolywork1\library\directxtex\bin\x64\release\directxtexdds.obj
c:\github\empolywork1\library\directxtex\bin\x64\release\directxtexd3d11.obj
c:\github\empolywork1\library\directxtex\bin\x64\release\directxtexconvert.obj
c:\github\empolywork1\library\directxtex\bin\x64\release\directxtexcompressgpu.obj
c:\github\empolywork1\library\directxtex\bin\x64\release\directxtexcompress.obj
c:\github\empolywork1\library\directxtex\bin\x64\release\bcdirectcompute.obj
c:\github\empolywork1\library\directxtex\bin\x64\release\bc6hbc7.obj
c:\github\empolywork1\library\directxtex\bin\x64\release\bc4bc5.obj
c:\github\empolywork1\library\directxtex\bin\x64\release\bc.obj
c:\github\empolywork1\library\directxtex\lib\x64\release\directxtex.lib
c:\github\empolywork1\library\directxtex\bin\x64\release\directxtex.tlog\cl.command.1.tlog
c:\github\empolywork1\library\directxtex\bin\x64\release\directxtex.tlog\cl.items.tlog
c:\github\empolywork1\library\directxtex\bin\x64\release\directxtex.tlog\cl.read.1.tlog
c:\github\empolywork1\library\directxtex\bin\x64\release\directxtex.tlog\cl.write.1.tlog
c:\github\empolywork1\library\directxtex\bin\x64\release\directxtex.tlog\lib-link.read.1.tlog
c:\github\empolywork1\library\directxtex\bin\x64\release\directxtex.tlog\lib-link.write.1.tlog
c:\github\empolywork1\library\directxtex\bin\x64\release\directxtex.tlog\lib.command.1.tlog
