c:\github\empolywork1\library\directxtex\bin\x64\debug\directxtex.pch
c:\github\empolywork1\library\directxtex\bin\x64\debug\directxtex.pdb
c:\github\empolywork1\library\directxtex\bin\x64\debug\directxtexutil.obj
c:\github\empolywork1\library\directxtex\bin\x64\debug\directxtexwic.obj
c:\github\empolywork1\library\directxtex\bin\x64\debug\directxtextga.obj
c:\github\empolywork1\library\directxtex\bin\x64\debug\directxtexresize.obj
c:\github\empolywork1\library\directxtex\bin\x64\debug\directxtexpmalpha.obj
c:\github\empolywork1\library\directxtex\bin\x64\debug\directxtexnormalmaps.obj
c:\github\empolywork1\library\directxtex\bin\x64\debug\directxtexmisc.obj
c:\github\empolywork1\library\directxtex\bin\x64\debug\directxtexmipmaps.obj
c:\github\empolywork1\library\directxtex\bin\x64\debug\directxteximage.obj
c:\github\empolywork1\library\directxtex\bin\x64\debug\directxtexhdr.obj
c:\github\empolywork1\library\directxtex\bin\x64\debug\directxtexfliprotate.obj
c:\github\empolywork1\library\directxtex\bin\x64\debug\directxtexdds.obj
c:\github\empolywork1\library\directxtex\bin\x64\debug\directxtexd3d11.obj
c:\github\empolywork1\library\directxtex\bin\x64\debug\directxtexconvert.obj
c:\github\empolywork1\library\directxtex\bin\x64\debug\directxtexcompressgpu.obj
c:\github\empolywork1\library\directxtex\bin\x64\debug\directxtexcompress.obj
c:\github\empolywork1\library\directxtex\bin\x64\debug\bcdirectcompute.obj
c:\github\empolywork1\library\directxtex\bin\x64\debug\bc6hbc7.obj
c:\github\empolywork1\library\directxtex\bin\x64\debug\bc4bc5.obj
c:\github\empolywork1\library\directxtex\bin\x64\debug\bc.obj
c:\github\empolywork1\library\directxtex\lib\x64\debug\directxtex.lib
c:\github\empolywork1\library\directxtex\bin\x64\debug\directxtex.tlog\cl.command.1.tlog
c:\github\empolywork1\library\directxtex\bin\x64\debug\directxtex.tlog\cl.items.tlog
c:\github\empolywork1\library\directxtex\bin\x64\debug\directxtex.tlog\cl.read.1.tlog
c:\github\empolywork1\library\directxtex\bin\x64\debug\directxtex.tlog\cl.write.1.tlog
c:\github\empolywork1\library\directxtex\bin\x64\debug\directxtex.tlog\lib-link.read.1.tlog
c:\github\empolywork1\library\directxtex\bin\x64\debug\directxtex.tlog\lib-link.write.1.tlog
c:\github\empolywork1\library\directxtex\bin\x64\debug\directxtex.tlog\lib.command.1.tlog
